svidya1@LIN33005349 MINGW64 ~ (master)
$ cd project_directory
bash: cd: project_directory: No such file or directory

svidya1@LIN33005349 MINGW64 ~ (master)
$ cd project_dir

svidya1@LIN33005349 MINGW64 ~/project_dir (master)
$ git status
On branch master
Changes to be committed:
  (use "git restore --staged <file>..." to unstage)
        modified:   index.html

Untracked files:
  (use "git add <file>..." to include in what will be committed)
        git assignments/
        ignore
        info.txt


svidya1@LIN33005349 MINGW64 ~/project_dir (master)
$ git commit -m "committed"
[master ca1dde8] committed
 Committer: Vidya <s.vidya@capgemini.com>
Your name and email address were configured automatically based
on your username and hostname. Please check that they are accurate.
You can suppress this message by setting them explicitly:

    git config --global user.name "Your Name"
    git config --global user.email you@example.com

After doing this, you may fix the identity used for this commit with:

    git commit --amend --reset-author

 1 file changed, 2 insertions(+), 1 deletion(-)

svidya1@LIN33005349 MINGW64 ~/project_dir (master)
$ touch info.txt

svidya1@LIN33005349 MINGW64 ~/project_dir (master)
$ git status
On branch master
Untracked files:
  (use "git add <file>..." to include in what will be committed)
        git assignments/
        ignore
        info.txt

nothing added to commit but untracked files present (use "git add" to track)

svidya1@LIN33005349 MINGW64 ~/project_dir (master)
$ git add.
git: 'add.' is not a git command. See 'git --help'.

The most similar command is
        add

svidya1@LIN33005349 MINGW64 ~/project_dir (master)
$ git add .

svidya1@LIN33005349 MINGW64 ~/project_dir (master)
$ git rm.txt
git: 'rm.txt' is not a git command. See 'git --help'.

svidya1@LIN33005349 MINGW64 ~/project_dir (master)
$ git log
commit ca1dde86c535c1ed198a28ef3d4cebb3aab62439 (HEAD -> master)
Author: Vidya <s.vidya@capgemini.com>
Date:   Mon May 23 20:14:32 2022 +0530

    committed

commit 0a2bd0e8109bf3b6aff06ddfb62426f3f58e6178
Author: Vidya <s.vidya@capgemini.com>
Date:   Sat Dec 11 16:37:56 2021 +0530

    first version of hello world

commit 52a464d8f5f25403646f20591301bdb13042d42b
Author: Vidya <s.vidya@capgemini.com>
Date:   Sat Dec 11 16:10:03 2021 +0530

    first version of index.html

svidya1@LIN33005349 MINGW64 ~/project_dir (master)
$ git mv
usage: git mv [<options>] <source>... <destination>

    -v, --verbose         be verbose
    -n, --dry-run         dry run
    -f, --force           force move/rename even if target exists
    -k                    skip move/rename errors
    --sparse              allow updating entries outside of the sparse-checkout cone


svidya1@LIN33005349 MINGW64 ~/project_dir (master)
$ git commit -m "committed"
[master 8f1b951] committed
 Committer: Vidya <s.vidya@capgemini.com>
Your name and email address were configured automatically based
on your username and hostname. Please check that they are accurate.
You can suppress this message by setting them explicitly:

    git config --global user.name "Your Name"
    git config --global user.email you@example.com

After doing this, you may fix the identity used for this commit with:

    git commit --amend --reset-author

 3 files changed, 142 insertions(+)
 create mode 100644 git assignments/section1.txt
 create mode 100644 ignore
 create mode 100644 info.txt

svidya1@LIN33005349 MINGW64 ~/project_dir (master)
$ git push
fatal: No configured push destination.
Either specify the URL from the command-line or configure a remote repository using

    git remote add <name> <url>

and then push using the remote name

    git push <name>


svidya1@LIN33005349 MINGW64 ~/project_dir (master)
$ git config --global user.vidya-1998

svidya1@LIN33005349 MINGW64 ~/project_dir (master)
$
